// Jest Snapshot v1, https://goo.gl/fbAQLP

exports[`PokemonPage Component Debe hacer match con el snapshot antes de cargar los pokemons 1`] = `<h1>Espere por favor...</h1>`;

exports[`PokemonPage Component Debe hacer match con el snapshot cuando cargan los pokemons 1`] = `
<div>
  <h1>Quien es este pokemon?</h1>
  <comp-pokemon-picture-stub pokemonid="1" showpokemon="false"></comp-pokemon-picture-stub>
  <comp-pokemon-options-stub pokemons="[object Object],[object Object],[object Object],[object Object]"></comp-pokemon-options-stub>
  <!--v-if-->
</div>
`;
