// Jest Snapshot v1, https://goo.gl/fbAQLP

exports[`CompPokemonOptions Debe hacer match con el snapshot 1`] = `
<div class="options-container">
  <ul>
    <li>BULBASAUR</li>
    <li>IVYSAUR</li>
    <li>VENUSAUR</li>
    <li>CHARMANDER</li>
  </ul>
</div>
`;
