// Jest Snapshot v1, https://goo.gl/fbAQLP

exports[`test app.vue Debe hacer match con el snapshot 1`] = `<pokemon-page-stub></pokemon-page-stub>`;
